// Jest Snapshot v1, https://goo.gl/fbAQLP

exports[`Test Title component should be render a component 1`] = `
<Link
  className="Button Button--secondary "
  to="/"
>
   
  list
</Link>
`;
