// Jest Snapshot v1, https://goo.gl/fbAQLP

exports[`Test Description component should be render a component 1`] = `
<ul
  className="color-dark-100 l-marginBottom-24 font-m"
/>
`;
