// Jest Snapshot v1, https://goo.gl/fbAQLP

exports[`Test Item List component should be render a component 1`] = `
<div>
  LOADING...
</div>
`;
