// Jest Snapshot v1, https://goo.gl/fbAQLP

exports[`Test Title component should be render a component 1`] = `
<h3
  className="font-m color-dark-100 l-marginBottom-16"
>
   
  MobileShop
</h3>
`;
